[    0.000000] Linux version 4.15.0-121-generic (buildd@lgw01-amd64-034) (gcc version 7.5.0 (Ubuntu 7.5.0-3ubuntu1~18.04)) #123-Ubuntu SMP Mon Oct 5 16:16:40 UTC 2020 (Ubuntu 4.15.0-121.123-generic 4.15.18)
[    0.000000] Command line: BOOT_IMAGE=/boot/vmlinuz-4.15.0-121-generic root=LABEL=cloudimg-rootfs ro console=tty1 console=ttyS0
[    0.000000] KERNEL supported cpus:
[    0.000000]   Intel GenuineIntel
[    0.000000]   AMD AuthenticAMD
[    0.000000]   Centaur CentaurHauls
[    0.000000] x86/fpu: Supporting XSAVE feature 0x001: 'x87 floating point registers'
[    0.000000] x86/fpu: Supporting XSAVE feature 0x002: 'SSE registers'
[    0.000000] x86/fpu: Supporting XSAVE feature 0x004: 'AVX registers'
[    0.000000] x86/fpu: xstate_offset[2]:  576, xstate_sizes[2]:  256
[    0.000000] x86/fpu: Enabled xstate features 0x7, context size is 832 bytes, using 'standard' format.
[    0.000000] e820: BIOS-provided physical RAM map:
[    0.000000] BIOS-e820: [mem 0x0000000000000000-0x000000000009fbff] usable
[    0.000000] BIOS-e820: [mem 0x000000000009fc00-0x000000000009ffff] reserved
[    0.000000] BIOS-e820: [mem 0x00000000000f0000-0x00000000000fffff] reserved
[    0.000000] BIOS-e820: [mem 0x0000000000100000-0x000000003ffeffff] usable
[    0.000000] BIOS-e820: [mem 0x000000003fff0000-0x000000003fffffff] ACPI data
[    0.000000] BIOS-e820: [mem 0x00000000fec00000-0x00000000fec00fff] reserved
[    0.000000] BIOS-e820: [mem 0x00000000fee00000-0x00000000fee00fff] reserved
[    0.000000] BIOS-e820: [mem 0x00000000fffc0000-0x00000000ffffffff] reserved
[    0.000000] NX (Execute Disable) protection: active
[    0.000000] SMBIOS 2.5 present.
[    0.000000] DMI: innotek GmbH VirtualBox/VirtualBox, BIOS VirtualBox 12/01/2006
[    0.000000] Hypervisor detected: KVM
[    0.000000] e820: last_pfn = 0x3fff0 max_arch_pfn = 0x400000000
[    0.000000] MTRR: Disabled
[    0.000000] x86/PAT: MTRRs disabled, skipping PAT initialization too.
[    0.000000] CPU MTRRs all blank - virtualized system.
[    0.000000] x86/PAT: Configuration [0-7]: WB  WT  UC- UC  WB  WT  UC- UC  
[    0.000000] found SMP MP-table at [mem 0x0009fff0-0x0009ffff]
[    0.000000] Scanning 1 areas for low memory corruption
[    0.000000] RAMDISK: [mem 0x35a67000-0x36d2afff]
[    0.000000] ACPI: Early table checksum verification disabled
[    0.000000] ACPI: RSDP 0x00000000000E0000 000024 (v02 VBOX  )
[    0.000000] ACPI: XSDT 0x000000003FFF0030 00003C (v01 VBOX   VBOXXSDT 00000001 ASL  00000061)
[    0.000000] ACPI: FACP 0x000000003FFF00F0 0000F4 (v04 VBOX   VBOXFACP 00000001 ASL  00000061)
[    0.000000] ACPI: DSDT 0x000000003FFF0470 002325 (v02 VBOX   VBOXBIOS 00000002 INTL 20100528)
[    0.000000] ACPI: FACS 0x000000003FFF0200 000040
[    0.000000] ACPI: FACS 0x000000003FFF0200 000040
[    0.000000] ACPI: APIC 0x000000003FFF0240 00005C (v02 VBOX   VBOXAPIC 00000001 ASL  00000061)
[    0.000000] ACPI: SSDT 0x000000003FFF02A0 0001CC (v01 VBOX   VBOXCPUT 00000002 INTL 20100528)
[    0.000000] No NUMA configuration found
[    0.000000] Faking a node at [mem 0x0000000000000000-0x000000003ffeffff]
[    0.000000] NODE_DATA(0) allocated [mem 0x3ffc5000-0x3ffeffff]
[    0.000000] kvm-clock: cpu 0, msr 0:3ff44001, primary cpu clock
[    0.000000] kvm-clock: Using msrs 4b564d01 and 4b564d00
[    0.000000] kvm-clock: using sched offset of 6249726276 cycles
[    0.000000] clocksource: kvm-clock: mask: 0xffffffffffffffff max_cycles: 0x1cd42e4dffb, max_idle_ns: 881590591483 ns
[    0.000000] Zone ranges:
[    0.000000]   DMA      [mem 0x0000000000001000-0x0000000000ffffff]
[    0.000000]   DMA32    [mem 0x0000000001000000-0x000000003ffeffff]
[    0.000000]   Normal   empty
[    0.000000]   Device   empty
[    0.000000] Movable zone start for each node
[    0.000000] Early memory node ranges
[    0.000000]   node   0: [mem 0x0000000000001000-0x000000000009efff]
[    0.000000]   node   0: [mem 0x0000000000100000-0x000000003ffeffff]
[    0.000000] Reserved but unavailable: 98 pages
[    0.000000] Initmem setup node 0 [mem 0x0000000000001000-0x000000003ffeffff]
[    0.000000] ACPI: PM-Timer IO Port: 0x4008
[    0.000000] IOAPIC[0]: apic_id 2, version 32, address 0xfec00000, GSI 0-23
[    0.000000] ACPI: INT_SRC_OVR (bus 0 bus_irq 0 global_irq 2 dfl dfl)
[    0.000000] ACPI: INT_SRC_OVR (bus 0 bus_irq 9 global_irq 9 low level)
[    0.000000] Using ACPI (MADT) for SMP configuration information
[    0.000000] smpboot: Allowing 2 CPUs, 0 hotplug CPUs
[    0.000000] PM: Registered nosave memory: [mem 0x00000000-0x00000fff]
[    0.000000] PM: Registered nosave memory: [mem 0x0009f000-0x0009ffff]
[    0.000000] PM: Registered nosave memory: [mem 0x000a0000-0x000effff]
[    0.000000] PM: Registered nosave memory: [mem 0x000f0000-0x000fffff]
[    0.000000] e820: [mem 0x40000000-0xfebfffff] available for PCI devices
[    0.000000] Booting paravirtualized kernel on KVM
[    0.000000] clocksource: refined-jiffies: mask: 0xffffffff max_cycles: 0xffffffff, max_idle_ns: 7645519600211568 ns
[    0.000000] random: get_random_bytes called from start_kernel+0x99/0x500 with crng_init=0
[    0.000000] setup_percpu: NR_CPUS:8192 nr_cpumask_bits:2 nr_cpu_ids:2 nr_node_ids:1
[    0.000000] percpu: Embedded 45 pages/cpu s147456 r8192 d28672 u1048576
[    0.000000] PV qspinlock hash table entries: 256 (order: 0, 4096 bytes)
[    0.000000] Built 1 zonelists, mobility grouping on.  Total pages: 257913
[    0.000000] Policy zone: DMA32
[    0.000000] Kernel command line: BOOT_IMAGE=/boot/vmlinuz-4.15.0-121-generic root=LABEL=cloudimg-rootfs ro console=tty1 console=ttyS0
[    0.000000] Memory: 983032K/1048120K available (12300K kernel code, 2482K rwdata, 4272K rodata, 2436K init, 2724K bss, 65088K reserved, 0K cma-reserved)
[    0.000000] SLUB: HWalign=64, Order=0-3, MinObjects=0, CPUs=2, Nodes=1
[    0.000000] Kernel/User page tables isolation: enabled
[    0.000000] ftrace: allocating 39402 entries in 154 pages
[    0.004000] Hierarchical RCU implementation.
[    0.004000] 	RCU restricting CPUs from NR_CPUS=8192 to nr_cpu_ids=2.
[    0.004000] 	Tasks RCU enabled.
[    0.004000] RCU: Adjusting geometry for rcu_fanout_leaf=16, nr_cpu_ids=2
[    0.004000] NR_IRQS: 524544, nr_irqs: 440, preallocated irqs: 16
[    0.004000] Console: colour VGA+ 80x25
[    0.004000] console [tty1] enabled
[    0.004000] console [ttyS0] enabled
[    0.004000] ACPI: Core revision 20170831
[    0.004000] ACPI: 2 ACPI AML tables successfully acquired and loaded
[    0.004000] APIC: Switch to symmetric I/O mode setup
[    0.004000] x2apic enabled
[    0.004015] Switched APIC routing to physical x2apic.
[    0.011183] ..TIMER: vector=0x30 apic1=0 pin1=2 apic2=-1 pin2=-1
[    0.012007] tsc: Detected 2304.002 MHz processor
[    0.016023] Calibrating delay loop (skipped) preset value.. 4608.00 BogoMIPS (lpj=9216008)
[    0.020007] pid_max: default: 32768 minimum: 301
[    0.024083] Security Framework initialized
[    0.026382] Yama: becoming mindful.
[    0.028163] AppArmor: AppArmor initialized
[    0.036089] Dentry cache hash table entries: 131072 (order: 8, 1048576 bytes)
[    0.040120] Inode-cache hash table entries: 65536 (order: 7, 524288 bytes)
[    0.044028] Mount-cache hash table entries: 2048 (order: 2, 16384 bytes)
[    0.047059] Mountpoint-cache hash table entries: 2048 (order: 2, 16384 bytes)
[    0.048661] Last level iTLB entries: 4KB 64, 2MB 8, 4MB 8
[    0.052006] Last level dTLB entries: 4KB 64, 2MB 0, 4MB 0, 1GB 4
[    0.056006] Spectre V1 : Mitigation: usercopy/swapgs barriers and __user pointer sanitization
[    0.060007] Spectre V2 : Mitigation: Full generic retpoline
[    0.064005] Spectre V2 : Spectre v2 / SpectreRSB mitigation: Filling RSB on context switch
[    0.067907] Speculative Store Bypass: Vulnerable
[    0.068103] SRBDS: Unknown: Dependent on hypervisor status
[    0.072005] MDS: Mitigation: Clear CPU buffers
[    0.074548] Freeing SMP alternatives memory: 36K
[    0.190254] smpboot: CPU0: Intel(R) Core(TM) i5-8300H CPU @ 2.30GHz (family: 0x6, model: 0x9e, stepping: 0xa)
[    0.192000] Performance Events: unsupported p6 CPU model 158 no PMU driver, software events only.
[    0.192043] Hierarchical SRCU implementation.
[    0.194164] NMI watchdog: Perf event create on CPU 0 failed with -2
[    0.196003] NMI watchdog: Perf NMI watchdog permanently disabled
[    0.197580] smp: Bringing up secondary CPUs ...
[    0.198764] x86: Booting SMP configuration:
[    0.200004] .... node  #0, CPUs:      #1
[    0.004000] kvm-clock: cpu 1, msr 0:3ff44041, secondary cpu clock
[    0.204022] smp: Brought up 1 node, 2 CPUs
[    0.205625] smpboot: Max logical packages: 1
[    0.206685] smpboot: Total of 2 processors activated (9216.00 BogoMIPS)
[    0.208136] devtmpfs: initialized
[    0.208896] x86/mm: Memory block size: 128MB
[    0.210096] evm: security.selinux
[    0.212004] evm: security.SMACK64
[    0.213147] evm: security.SMACK64EXEC
[    0.214212] evm: security.SMACK64TRANSMUTE
[    0.216008] evm: security.SMACK64MMAP
[    0.217071] evm: security.apparmor
[    0.218232] evm: security.ima
[    0.219111] evm: security.capability
[    0.220135] clocksource: jiffies: mask: 0xffffffff max_cycles: 0xffffffff, max_idle_ns: 7645041785100000 ns
[    0.222435] futex hash table entries: 512 (order: 3, 32768 bytes)
[    0.227399] pinctrl core: initialized pinctrl subsystem
[    0.228162] RTC time:  6:58:26, date: 01/12/21
[    0.232072] NET: Registered protocol family 16
[    0.233369] audit: initializing netlink subsys (disabled)
[    0.234781] audit: type=2000 audit(1610434714.929:1): state=initialized audit_enabled=0 res=1
[    0.236012] cpuidle: using governor ladder
[    0.237084] cpuidle: using governor menu
[    0.238138] ACPI: bus type PCI registered
[    0.240007] acpiphp: ACPI Hot Plug PCI Controller Driver version: 0.5
[    0.241913] PCI: Using configuration type 1 for base access
[    0.244382] HugeTLB registered 2.00 MiB page size, pre-allocated 0 pages
[    0.248097] ACPI: Added _OSI(Module Device)
[    0.249172] ACPI: Added _OSI(Processor Device)
[    0.250319] ACPI: Added _OSI(3.0 _SCP Extensions)
[    0.251874] ACPI: Added _OSI(Processor Aggregator Device)
[    0.252011] ACPI: Added _OSI(Linux-Dell-Video)
[    0.253102] ACPI: Added _OSI(Linux-Lenovo-NV-HDMI-Audio)
[    0.254582] ACPI: Added _OSI(Linux-HPI-Hybrid-Graphics)
[    0.256486] ACPI: Executed 1 blocks of module-level executable AML code
[    0.264607] ACPI: Interpreter enabled
[    0.266368] ACPI: (supports S0 S5)
[    0.267292] ACPI: Using IOAPIC for interrupt routing
[    0.268344] PCI: Using host bridge windows from ACPI; if necessary, use "pci=nocrs" and report a bug
[    0.271293] ACPI: Enabled 2 GPEs in block 00 to 07
[    0.289345] ACPI: PCI Root Bridge [PCI0] (domain 0000 [bus 00-ff])
[    0.292000] acpi PNP0A03:00: _OSC: OS supports [ASPM ClockPM Segments MSI]
[    0.296575] acpi PNP0A03:00: _OSC: not requesting OS control; OS requires [ExtendedConfig ASPM ClockPM MSI]
[    0.300029] acpi PNP0A03:00: fail to add MMCONFIG information, can't access extended PCI configuration space under this bridge.
[    0.308684] PCI host bridge to bus 0000:00
[    0.310712] pci_bus 0000:00: root bus resource [io  0x0000-0x0cf7 window]
[    0.312009] pci_bus 0000:00: root bus resource [io  0x0d00-0xffff window]
[    0.316014] pci_bus 0000:00: root bus resource [mem 0x000a0000-0x000bffff window]
[    0.320009] pci_bus 0000:00: root bus resource [mem 0x40000000-0xfdffffff window]
[    0.323730] pci_bus 0000:00: root bus resource [bus 00-ff]
[    0.332821] pci 0000:00:01.1: legacy IDE quirk: reg 0x10: [io  0x01f0-0x01f7]
[    0.336000] pci 0000:00:01.1: legacy IDE quirk: reg 0x14: [io  0x03f6]
[    0.336008] pci 0000:00:01.1: legacy IDE quirk: reg 0x18: [io  0x0170-0x0177]
[    0.340007] pci 0000:00:01.1: legacy IDE quirk: reg 0x1c: [io  0x0376]
[    0.371005] pci 0000:00:07.0: quirk: [io  0x4000-0x403f] claimed by PIIX4 ACPI
[    0.372043] pci 0000:00:07.0: quirk: [io  0x4100-0x410f] claimed by PIIX4 SMB
[    0.390843] ACPI: PCI Interrupt Link [LNKA] (IRQs 5 9 10 *11)
[    0.392898] ACPI: PCI Interrupt Link [LNKB] (IRQs 5 9 *10 11)
[    0.396405] ACPI: PCI Interrupt Link [LNKC] (IRQs 5 *9 10 11)
[    0.400393] ACPI: PCI Interrupt Link [LNKD] (IRQs 5 9 10 *11)
[    0.404806] SCSI subsystem initialized
[    0.407148] pci 0000:00:02.0: vgaarb: setting as boot VGA device
[    0.407148] pci 0000:00:02.0: vgaarb: VGA device added: decodes=io+mem,owns=io+mem,locks=none
[    0.408026] pci 0000:00:02.0: vgaarb: bridge control possible
[    0.412006] vgaarb: loaded
[    0.413596] ACPI: bus type USB registered
[    0.416050] usbcore: registered new interface driver usbfs
[    0.419033] usbcore: registered new interface driver hub
[    0.420048] usbcore: registered new device driver usb
[    0.424143] EDAC MC: Ver: 3.0.0
[    0.428376] PCI: Using ACPI for IRQ routing
[    0.430891] NetLabel: Initializing
[    0.432006] NetLabel:  domain hash size = 128
[    0.434144] NetLabel:  protocols = UNLABELED CIPSOv4 CALIPSO
[    0.436041] NetLabel:  unlabeled traffic allowed by default
[    0.440182] clocksource: Switched to clocksource kvm-clock
[    0.482360] VFS: Disk quotas dquot_6.6.0
[    0.484612] VFS: Dquot-cache hash table entries: 512 (order 0, 4096 bytes)
[    0.488188] AppArmor: AppArmor Filesystem Enabled
[    0.490569] pnp: PnP ACPI init
[    0.494874] pnp: PnP ACPI: found 3 devices
[    0.515258] clocksource: acpi_pm: mask: 0xffffff max_cycles: 0xffffff, max_idle_ns: 2085701024 ns
[    0.519631] NET: Registered protocol family 2
[    0.522261] TCP established hash table entries: 8192 (order: 4, 65536 bytes)
[    0.525653] TCP bind hash table entries: 8192 (order: 5, 131072 bytes)
[    0.529613] TCP: Hash tables configured (established 8192 bind 8192)
[    0.538846] UDP hash table entries: 512 (order: 2, 16384 bytes)
[    0.542429] UDP-Lite hash table entries: 512 (order: 2, 16384 bytes)
[    0.546284] NET: Registered protocol family 1
[    0.549005] pci 0000:00:00.0: Limiting direct PCI/PCI transfers
[    0.552671] pci 0000:00:01.0: Activating ISA DMA hang workarounds
[    0.556391] pci 0000:00:02.0: Video device with shadowed ROM at [mem 0x000c0000-0x000dffff]
[    0.561561] Unpacking initramfs...
[    1.309014] Freeing initrd memory: 19216K
[    1.310285] clocksource: tsc: mask: 0xffffffffffffffff max_cycles: 0x2135f9f0f74, max_idle_ns: 440795301392 ns
[    1.312981] platform rtc_cmos: registered platform RTC device (no PNP device found)
[    1.315283] Scanning for low memory corruption every 60 seconds
[    1.317609] Initialise system trusted keyrings
[    1.318820] Key type blacklist registered
[    1.320140] workingset: timestamp_bits=36 max_order=18 bucket_order=0
[    1.323383] zbud: loaded
[    1.324993] squashfs: version 4.0 (2009/01/31) Phillip Lougher
[    1.326958] fuse init (API version 7.26)
[    1.331841] Key type asymmetric registered
[    1.332870] Asymmetric key parser 'x509' registered
[    1.334026] Block layer SCSI generic (bsg) driver version 0.4 loaded (major 246)
[    1.335832] io scheduler noop registered
[    1.336930] io scheduler deadline registered
[    1.337978] io scheduler cfq registered (default)
[    1.339376] ACPI: AC Adapter [AC] (off-line)
[    1.340587] input: Power Button as /devices/LNXSYSTM:00/LNXPWRBN:00/input/input0
[    1.342440] ACPI: Power Button [PWRF]
[    1.343503] input: Sleep Button as /devices/LNXSYSTM:00/LNXSLPBN:00/input/input1
[    1.345788] ACPI: Sleep Button [SLPF]
[    1.348970] ACPI: Battery Slot [BAT0] (battery present)
[    1.351149] Serial: 8250/16550 driver, 32 ports, IRQ sharing enabled
[    1.375431] 00:02: ttyS0 at I/O 0x3f8 (irq = 4, base_baud = 115200) is a 16550A
[    1.391600] Linux agpgart interface v0.103
[    1.399135] loop: module loaded
[    1.402125] scsi host0: ata_piix
[    1.404195] scsi host1: ata_piix
[    1.405932] ata1: PATA max UDMA/33 cmd 0x1f0 ctl 0x3f6 bmdma 0xd000 irq 14
[    1.409130] ata2: PATA max UDMA/33 cmd 0x170 ctl 0x376 bmdma 0xd008 irq 15
[    1.412705] libphy: Fixed MDIO Bus: probed
[    1.414714] tun: Universal TUN/TAP device driver, 1.6
[    1.417266] PPP generic driver version 2.4.2
[    1.419780] ehci_hcd: USB 2.0 'Enhanced' Host Controller (EHCI) Driver
[    1.423036] ehci-pci: EHCI PCI platform driver
[    1.425382] ehci-platform: EHCI generic platform driver
[    1.427825] ohci_hcd: USB 1.1 'Open' Host Controller (OHCI) Driver
[    1.430843] ohci-pci: OHCI PCI platform driver
[    1.433067] ohci-platform: OHCI generic platform driver
[    1.435645] uhci_hcd: USB Universal Host Controller Interface driver
[    1.439633] i8042: PNP: PS/2 Controller [PNP0303:PS2K,PNP0f03:PS2M] at 0x60,0x64 irq 1,12
[    1.444770] serio: i8042 KBD port at 0x60,0x64 irq 1
[    1.447488] serio: i8042 AUX port at 0x60,0x64 irq 12
[    1.450560] mousedev: PS/2 mouse device common for all mice
[    1.455042] input: AT Translated Set 2 keyboard as /devices/platform/i8042/serio0/input/input2
[    1.456196] rtc_cmos rtc_cmos: rtc core: registered rtc_cmos as rtc0
[    1.463385] rtc_cmos rtc_cmos: alarms up to one day, 114 bytes nvram
[    1.466429] i2c /dev entries driver
[    1.468271] device-mapper: uevent: version 1.0.3
[    1.470779] device-mapper: ioctl: 4.37.0-ioctl (2017-09-20) initialised: dm-devel@redhat.com
[    1.474934] ledtrig-cpu: registered to indicate activity on CPUs
[    1.479235] NET: Registered protocol family 10
[    1.489923] Segment Routing with IPv6
[    1.492090] NET: Registered protocol family 17
[    1.494563] Key type dns_resolver registered
[    1.497330] mce: Using 0 MCE banks
[    1.499111] RAS: Correctable Errors collector initialized.
[    1.502003] sched_clock: Marking stable (1501950708, 0)->(1983153383, -481202675)
[    1.506996] registered taskstats version 1
[    1.509171] Loading compiled-in X.509 certificates
[    1.516853] Loaded X.509 cert 'Build time autogenerated kernel key: 517b2180bafe62ad6f81db3336688475b28504c0'
[    1.521694] zswap: loaded using pool lzo/zbud
[    1.532516] Key type big_key registered
[    1.534480] Key type trusted registered
[    1.540345] Key type encrypted registered
[    1.542409] AppArmor: AppArmor sha1 policy hashing enabled
[    1.545015] ima: No TPM chip found, activating TPM-bypass! (rc=-19)
[    1.547976] ima: Allocated hash algorithm: sha1
[    1.550258] evm: HMAC attrs: 0x1
[    1.552541]   Magic number: 5:945:973
[    1.554643] rtc_cmos rtc_cmos: setting system clock to 2021-01-12 06:58:28 UTC (1610434708)
[    1.559228] BIOS EDD facility v0.16 2004-Jun-25, 0 devices found
[    1.562192] EDD information not available.
[    1.604772] Freeing unused kernel image memory: 2436K
[    1.624136] Write protecting the kernel read-only data: 20480k
[    1.628733] Freeing unused kernel image memory: 2008K
[    1.632192] Freeing unused kernel image memory: 1872K
[    1.655449] x86/mm: Checked W+X mappings: passed, no W+X pages found.
[    1.658576] x86/mm: Checking user space page tables
[    1.681992] x86/mm: Checked W+X mappings: passed, no W+X pages found.
Loading, please wait...
starting version 237
[    1.888972] e1000: Intel(R) PRO/1000 Network Driver - version 7.3.21-k8-NAPI
[    1.893646] e1000: Copyright (c) 1999-2006 Intel Corporation.
[    1.899252] Fusion MPT base driver 3.04.20
[    1.901547] Copyright (c) 1999-2008 LSI Corporation
[    1.911232] Fusion MPT SPI Host driver 3.04.20
[    1.946312] AVX2 version of gcm_enc/dec engaged.
[    1.949767] AES CTR mode by8 optimization enabled
[    2.116341] input: ImExPS/2 Generic Explorer Mouse as /devices/platform/i8042/serio1/input/input4
[    2.482089] e1000 0000:00:03.0 eth0: (PCI:33MHz:32-bit) 02:3b:b1:b7:71:c1
[    2.485519] e1000 0000:00:03.0 eth0: Intel(R) PRO/1000 Network Connection
[    2.492143] mptbase: ioc0: Initiating bringup
[    2.493413] e1000 0000:00:03.0 enp0s3: renamed from eth0
[    2.600997] ioc0: LSI53C1030 A0: Capabilities={Initiator}
[    2.852446] scsi host2: ioc0: LSI53C1030 A0, FwRev=00000000h, Ports=1, MaxQ=256, IRQ=20
[    3.025448] scsi 2:0:0:0: Direct-Access     VBOX     HARDDISK         1.0  PQ: 0 ANSI: 5
[    3.347223] scsi target2:0:0: Beginning Domain Validation
[    3.358654] scsi target2:0:0: Domain Validation skipping write tests
[    3.363712] scsi target2:0:0: Ending Domain Validation
[    3.368394] scsi target2:0:0: asynchronous
[    3.374368] scsi 2:0:1:0: Direct-Access     VBOX     HARDDISK         1.0  PQ: 0 ANSI: 5
[    4.100271] scsi target2:0:1: Beginning Domain Validation
[    4.106497] random: fast init done
[    4.115194] scsi target2:0:1: Domain Validation skipping write tests
[    4.120382] scsi target2:0:1: Ending Domain Validation
[    4.124938] scsi target2:0:1: asynchronous
[    4.145920] random: systemd-udevd: uninitialized urandom read (16 bytes read)
[    4.151714] random: systemd-udevd: uninitialized urandom read (16 bytes read)
[    4.159663] sd 2:0:0:0: Attached scsi generic sg0 type 0
[    4.165714] sd 2:0:0:0: [sda] 20971520 512-byte logical blocks: (10.7 GB/10.0 GiB)
[    4.172711] random: systemd-udevd: uninitialized urandom read (16 bytes read)
[    4.179402] sd 2:0:0:0: [sda] Write Protect is off
[    4.184492] sd 2:0:0:0: [sda] Incomplete mode parameter data
[    4.189521] sd 2:0:0:0: [sda] Assuming drive cache: write through
[    4.195892] sd 2:0:1:0: Attached scsi generic sg1 type 0
[    4.202918] sd 2:0:1:0: [sdb] 20480 512-byte logical blocks: (10.5 MB/10.0 MiB)
[    4.209855] sd 2:0:1:0: [sdb] Write Protect is off
[    4.214177] sd 2:0:1:0: [sdb] Incomplete mode parameter data
[    4.217777] sd 2:0:1:0: [sdb] Assuming drive cache: write through
[    4.841551]  sda: sda1
[    4.850596] sd 2:0:0:0: [sda] Attached SCSI disk
[    4.864218] sd 2:0:1:0: [sdb] Attached SCSI disk
Begin: Loading essential drivers ... [    7.212870] raid6: sse2x1   gen()  4983 MB/s
[    7.260452] raid6: sse2x1   xor()  3482 MB/s
[    7.308286] raid6: sse2x2   gen()  5984 MB/s
[    7.356096] raid6: sse2x2   xor()  4025 MB/s
[    7.404723] raid6: sse2x4   gen()  7075 MB/s
[    7.452536] raid6: sse2x4   xor()  4458 MB/s
[    7.500271] raid6: avx2x1   gen()  9892 MB/s
[    7.548113] raid6: avx2x1   xor()  6776 MB/s
[    7.596058] raid6: avx2x2   gen() 11526 MB/s
[    7.644799] raid6: avx2x2   xor()  7187 MB/s
[    7.692366] raid6: avx2x4   gen() 13514 MB/s
[    7.740201] raid6: avx2x4   xor()  7876 MB/s
[    7.742793] raid6: using algorithm avx2x4 gen() 13514 MB/s
[    7.745779] raid6: .... xor() 7876 MB/s, rmw enabled
[    7.748349] raid6: using avx2x2 recovery algorithm
[    7.753715] xor: automatically using best checksumming function   avx       
[    7.761157] async_tx: api initialized (async)
done.
Begin: Running /scripts/init-premount ... done.
Begin: Mounting root file system ... Begin: Running /scripts/local-top ... done.
Begin: Running /scripts/local-premount ... [    7.860314] Btrfs loaded, crc32c=crc32c-intel
Scanning for Btrfs filesystems
done.
Warning: fsck not present, so skipping root file system
[    7.911340] EXT4-fs (sda1): INFO: recovery required on readonly filesystem
[    7.913596] EXT4-fs (sda1): write access will be enabled during recovery
[    9.084474] EXT4-fs (sda1): orphan cleanup on readonly fs
[    9.835071] EXT4-fs (sda1): 2 orphan inodes deleted
[    9.839320] EXT4-fs (sda1): recovery complete
[    9.846358] EXT4-fs (sda1): mounted filesystem with ordered data mode. Opts: (null)
done.
Begin: Running /scripts/local-bottom ... done.
Begin: Running /scripts/init-bottom ... done.
[   10.930417] random: crng init done
[   10.934088] random: 7 urandom warning(s) missed due to ratelimiting
[   12.189555] ip_tables: (C) 2000-2006 Netfilter Core Team
[   12.347659] systemd[1]: systemd 237 running in system mode. (+PAM +AUDIT +SELINUX +IMA +APPARMOR +SMACK +SYSVINIT +UTMP +LIBCRYPTSETUP +GCRYPT +GNUTLS +ACL +XZ +LZ4 +SECCOMP +BLKID +ELFUTILS +KMOD -IDN2 +IDN -PCRE2 default-hierarchy=hybrid)
[   12.354438] systemd[1]: Detected virtualization oracle.
[   12.355689] systemd[1]: Detected architecture x86-64.

Welcome to [1mUbuntu 18.04.5 LTS[0m!

[   12.390957] systemd[1]: Set hostname to <ubuntu-bionic>.
[   14.121636] systemd[1]: Set up automount Arbitrary Executable File Formats File System Automount Point.
[[0;32m  OK  [0m] Set up automount Arbitrary Executabâ€¦rmats File System Automount Point.
[   14.133018] systemd[1]: Started Forward Password Requests to Wall Directory Watch.
[[0;32m  OK  [0m] Started Forward Password Requests to Wall Directory Watch.
[   14.142247] systemd[1]: Reached target System Time Synchronized.
[[0;32m  OK  [0m] Reached target System Time Synchronized.
[   14.149585] systemd[1]: Reached target User and Group Name Lookups.
[[0;32m  OK  [0m] Reached target User and Group Name Lookups.
[   14.158011] systemd[1]: Reached target Swap.
[[0;32m  OK  [0m] Reached target Swap.
[   14.171005] systemd[1]: Created slice User and Session Slice.
[[0;32m  OK  [0m] Created slice User and Session Slice.
[[0;32m  OK  [0m] Created slice System Slice.
[[0;32m  OK  [0m] Listening on Journal Socket (/dev/log).
[[0;32m  OK  [0m] Listening on Journal Audit Socket.
[[0;32m  OK  [0m] Listening on Journal Socket.
         Starting Set the console keyboard layout...
         Starting Load Kernel Modules...
[[0;32m  OK  [0m] Listening on Syslog Socket.
[[0;32m  OK  [0m] Listening on /dev/initctl Compatibility Named Pipe.
         Starting Remount Root and Kernel File Systems...
         Mounting POSIX Message Queue File System...
[[0;32m  OK  [0m] Listening on Device-mapper event daemon FIFOs.
         Starting Journal Service...
[[0;32m  OK  [0m] Listening on udev Kernel Socket.
         Mounting Huge Pages File System...
[[0;32m  OK  [0m] Listening on udev Control Socket.
         Starting udev Coldplug all Devices...
         Mounting Kernel Debug File System...
[[0;32m  OK  [0m] Listening on LVM2 poll daemon socket.
[[0;32m  OK  [0m] Listening on LVM2 metadata daemon socket.
[[0;32m  OK  [0m] Created slice system-serial\x2dgetty.slice.
         Starting Uncomplicated firewall...
         Starting Monitoring of LVM2 mirrorsâ€¦ng dmeventd or progress polling...
[[0;32m  OK  [0m] Reached target Slices.
[[0;32m  OK  [0m] Listening on Network Service Netlink Socket.
         Starting Create list of required stâ€¦ce nodes for the current kernel...
[[0;32m  OK  [0m] Mounted Huge Pages File System.
[[0;32m  OK  [0m] Started Uncomplicated firewall.
[[0;32m  OK  [0m] Mounted POSIX Message Queue File System.
[[0;32m  OK  [0m] Mounted Kernel Debug File System.
[[0;32m  OK  [0m] Started Journal Service.
[[0;32m  OK  [0m] Started udev Coldplug all Devices.
[[0;32m  OK  [0m] Started Create list of required staâ€¦vice nodes for the current kernel.
         Starting Create Static Device Nodes in /dev...
[   14.744176] EXT4-fs (sda1): re-mounted. Opts: (null)
[   14.755505] Loading iSCSI transport class v2.0-870.
[[0;32m  OK  [0m] Started Remount Root and Kernel File Systems.
         Starting Flush Journal to Persistent Storage...
         Starting Load/Save Random Seed...
[   14.924327] systemd-journald[413]: Received request to flush runtime journal from PID 1
[[0;32m  OK  [0m] Started Load/Save Random Seed.
[   14.994567] iscsi: registered transport (tcp)
[[0;32m  OK  [0m] Started LVM2 metadata daemon.
[[0;32m  OK  [0m] Started Set the console keyboard layout.
[   15.350870] iscsi: registered transport (iser)
[[0;32m  OK  [0m] Started Load Kernel Modules.
[[0;32m  OK  [0m] Started Create Static Device Nodes in /dev.
         Starting udev Kernel Device Manager...
         Mounting FUSE Control File System...
         Mounting Kernel Configuration File System...
         Starting Apply Kernel Variables...
[[0;32m  OK  [0m] Mounted FUSE Control File System.
[[0;32m  OK  [0m] Mounted Kernel Configuration File System.
[[0;32m  OK  [0m] Started Monitoring of LVM2 mirrors,â€¦sing dmeventd or progress polling.
[[0;32m  OK  [0m] Reached target Local File Systems (Pre).
         Mounting /vagrant...
[[0;32m  OK  [0m] Reached target Local File Systems.
         Starting ebtables ruleset management...
         Starting Tell Plymouth To Write Out Runtime Data...
         Starting Set console font and keymap...
         Starting AppArmor initialization...
[[0;32m  OK  [0m] Started Flush Journal to Persistent Storage.
         Starting Create Volatile Files and Directories...
[[0;32m  OK  [0m] Started Tell Plymouth To Write Out Runtime Data.
[[0;32m  OK  [0m] Started Set console font and keymap.
[[0;32m  OK  [0m] Started Apply Kernel Variables.
[[0;32m  OK  [0m] Mounted /vagrant.
[[0;32m  OK  [0m] Started udev Kernel Device Manager.
[[0;32m  OK  [0m] Started Dispatch Password Requests to Console Directory Watch.
[[0;32m  OK  [0m] Reached target Local Encrypted Volumes.
[[0;32m  OK  [0m] Started Create Volatile Files and Directories.
         Starting Update UTMP about System Boot/Shutdown...
[[0;32m  OK  [0m] Started Update UTMP about System Boot/Shutdown.
[[0;32m  OK  [0m] Started ebtables ruleset management.
[[0;32m  OK  [0m] Found device /dev/ttyS0.
[[0;32m  OK  [0m] Started AppArmor initialization.
         Starting Load AppArmor profiles managed internally by snapd...
         Starting Initial cloud-init job (pre-networking)...
[[0;32m  OK  [0m] Started Load AppArmor profiles managed internally by snapd.
[[0;32m  OK  [0m] Listening on Load/Save RF Kill Switch Status /dev/rfkill Watch.
[   25.449881] cloud-init[552]: Cloud-init v. 20.3-2-g371b392c-0ubuntu1~18.04.1 running 'init-local' at Tue, 12 Jan 2021 06:58:51 +0000. Up 24.38 seconds.
[[0;32m  OK  [0m] Started Initial cloud-init job (pre-networking).
[[0;32m  OK  [0m] Reached target Network (Pre).
         Starting Network Service...
[[0;32m  OK  [0m] Started Network Service.
         Starting Wait for Network to be Configured...
         Starting Network Name Resolution...
[[0;32m  OK  [0m] Started Network Name Resolution.
[[0;32m  OK  [0m] Reached target Host and Network Name Lookups.
[[0;32m  OK  [0m] Reached target Network.
[[0;32m  OK  [0m] Started Wait for Network to be Configured.
         Starting Initial cloud-init job (metadata service crawler)...
[   28.054901] cloud-init[697]: Cloud-init v. 20.3-2-g371b392c-0ubuntu1~18.04.1 running 'init' at Tue, 12 Jan 2021 06:58:54 +0000. Up 27.73 seconds.
[   28.057596] cloud-init[697]: ci-info: ++++++++++++++++++++++++++++++++++++++Net device info++++++++++++++++++++++++++++++++++++++
[   28.068696] cloud-init[697]: ci-info: +--------+------+----------------------------+---------------+--------+-------------------+
[   28.071521] cloud-init[697]: ci-info: | Device |  Up  |          Address           |      Mask     | Scope  |     Hw-Address    |
[   28.075013] cloud-init[697]: ci-info: +--------+------+----------------------------+---------------+--------+-------------------+
[   28.078650] cloud-init[697]: ci-info: | enp0s3 | True |         10.0.2.15          | 255.255.255.0 | global | 02:3b:b1:b7:71:c1 |
[   28.081588] cloud-init[697]: ci-info: | enp0s3 | True | fe80::3b:b1ff:feb7:71c1/64 |       .       |  link  | 02:3b:b1:b7:71:c1 |
[   28.083936] cloud-init[697]: ci-info: |   lo   | True |         127.0.0.1          |   255.0.0.0   |  host  |         .         |
[   28.086919] cloud-init[697]: ci-info: |   lo   | True |          ::1/128           |       .       |  host  |         .         |
[   28.089128] cloud-init[697]: ci-info: +--------+------+----------------------------+---------------+--------+-------------------+
[   28.091076] cloud-init[697]: ci-info: ++++++++++++++++++++++++++++Route IPv4 info+++++++++++++++++++++++++++++
[   28.092928] cloud-init[697]: ci-info: +-------+-------------+----------+-----------------+-----------+-------+
[   28.094758] cloud-init[697]: ci-info: | Route | Destination | Gateway  |     Genmask     | Interface | Flags |
[   28.097015] cloud-init[697]: ci-info: +-------+-------------+----------+-----------------+-----------+-------+
[   28.099316] cloud-init[697]: ci-info: |   0   |   0.0.0.0   | 10.0.2.2 |     0.0.0.0     |   enp0s3  |   UG  |
[   28.101679] cloud-init[697]: ci-info: |   1   |   10.0.2.0  | 0.0.0.0  |  255.255.255.0  |   enp0s3  |   U   |
[   28.112456] cloud-init[697]: ci-info: |   2   |   10.0.2.2  | 0.0.0.0  | 255.255.255.255 |   enp0s3  |   UH  |
[   28.124499] cloud-init[697]: ci-info: +-------+-------------+----------+-----------------+-----------+-------+
[   28.136772] cloud-init[697]: ci-info: +++++++++++++++++++Route IPv6 info+++++++++++++++++++
[   28.138784] cloud-init[697]: ci-info: +-------+-------------+---------+-----------+-------+
[   28.140390] cloud-init[697]: ci-info: | Route | Destination | Gateway | Interface | Flags |
[   28.141990] cloud-init[697]: ci-info: +-------+-------------+---------+-----------+-------+
[   28.143837] cloud-init[697]: ci-info: |   1   |  fe80::/64  |    ::   |   enp0s3  |   U   |
[   28.156998] cloud-init[697]: ci-info: |   3   |    local    |    ::   |   enp0s3  |   U   |
[   28.161856] cloud-init[697]: ci-info: |   4   |   ff00::/8  |    ::   |   enp0s3  |   U   |
[   28.162930] cloud-init[697]: ci-info: +-------+-------------+---------+-----------+-------+
[[0;32m  OK  [0m] Started Initial cloud-init job (metadata service crawler).
[[0;32m  OK  [0m] Reached target System Initialization.
[[0;32m  OK  [0m] Listening on UUID daemon activation socket.
[[0;32m  OK  [0m] Listening on D-Bus System Message Bus Socket.
[[0;32m  OK  [0m] Started ACPI Events Check.
[[0;32m  OK  [0m] Reached target Paths.
[[0;32m  OK  [0m] Started Daily apt upgrade and clean activities.
[[0;32m  OK  [0m] Listening on Open-iSCSI iscsid Socket.
         Starting Socket activation for snappy daemon.
[[0;32m  OK  [0m] Listening on ACPID Listen Socket.
[[0;32m  OK  [0m] Started Discard unused blocks once a week.
[[0;32m  OK  [0m] Started Daily Cleanup of Temporary Directories.
         Starting LXD - unix socket.
[[0;32m  OK  [0m] Started Message of the Day.
[[0;32m  OK  [0m] Reached target Timers.
[[0;32m  OK  [0m] Reached target Network is Online.
         Starting Availability of block devices...
[[0;32m  OK  [0m] Reached target Remote File Systems (Pre).
[[0;32m  OK  [0m] Reached target Remote File Systems.
[[0;32m  OK  [0m] Reached target Cloud-config availability.
[[0;32m  OK  [0m] Listening on Socket activation for snappy daemon.
[[0;32m  OK  [0m] Listening on LXD - unix socket.
[[0;32m  OK  [0m] Started Availability of block devices.
[[0;32m  OK  [0m] Reached target Sockets.
[[0;32m  OK  [0m] Reached target Basic System.
         Starting Dispatcher daemon for systemd-networkd...
         Starting LSB: Record successful boot for GRUB...
[[0;32m  OK  [0m] Started D-Bus System Message Bus.
[[0;32m  OK  [0m] Started Regular background program processing daemon.
         Starting OpenBSD Secure Shell server...
         Starting Snap Daemon...
         Starting LSB: automatic crash report generation...
[[0;32m  OK  [0m] Started irqbalance daemon.
         Starting Permit User Sessions...
         Starting System Logging Service...
         Starting Message of the Day...
         Starting Accounts Service...
[[0;32m  OK  [0m] Started FUSE filesystem for LXC.
[[0;32m  OK  [0m] Started Deferred execution scheduler.
         Starting Virtualbox guest utils...
         Starting LXD - container startup/shutdown...
         Starting Login Service...
[[0;32m  OK  [0m] Started Permit User Sessions.
         Starting Hold until boot process finishes up...
         Starting Terminate Plymouth Boot Screen...
[[0;32m  OK  [0m] Started Hold until boot process finishes up.
         Starting Set console scheme...
[[0;32m  OK  [0m] Started Serial Getty on ttyS0.
[[0;32m  OK  [0m] Started Terminate Plymouth Boot Screen.
[[0;32m  OK  [0m] Started Set console scheme.
[[0;32m  OK  [0m] Created slice system-getty.slice.
[[0;32m  OK  [0m] Started Getty on tty1.
[[0;32m  OK  [0m] Reached target Login Prompts.
[[0;32m  OK  [0m] Started LSB: automatic crash report generation.
[[0;32m  OK  [0m] Started Login Service.
[[0;32m  OK  [0m] Started Unattended Upgrades Shutdown.
[[0;32m  OK  [0m] Started System Logging Service.
[[0;32m  OK  [0m] Started LSB: Record successful boot for GRUB.
[[0;32m  OK  [0m] Started Dispatcher daemon for systemd-networkd.
         Starting Authorization Manager...
[[0;32m  OK  [0m] Started OpenBSD Secure Shell server.
[[0;32m  OK  [0m] Started Authorization Manager.
[[0;32m  OK  [0m] Started Accounts Service.
[[0;32m  OK  [0m] Started Virtualbox guest utils.
[[0;32m  OK  [0m] Created slice User Slice of vagrant.
         Starting User Manager for UID 1000...
[[0;32m  OK  [0m] Started Session 1 of user vagrant.
[[0;32m  OK  [0m] Started LXD - container startup/shutdown.
[[0;32m  OK  [0m] Started User Manager for UID 1000.
[[0;32m  OK  [0m] Started Snap Daemon.
         Starting Wait until snapd is fully seeded...
[[0;32m  OK  [0m] Started Wait until snapd is fully seeded.
[[0;32m  OK  [0m] Reached target Multi-User System.
[[0;32m  OK  [0m] Reached target Graphical Interface.
         Starting Update UTMP about System Runlevel Changes...
         Starting Apply the settings specified in cloud-config...
[[0;32m  OK  [0m] Started Update UTMP about System Runlevel Changes.

Ubuntu 18.04.5 LTS ubuntu-bionic ttyS0

ubuntu-bionic login: [   36.581309] cloud-init[1244]: Cloud-init v. 20.3-2-g371b392c-0ubuntu1~18.04.1 running 'modules:config' at Tue, 12 Jan 2021 06:59:03 +0000. Up 36.17 seconds.
[   38.438228] cloud-init[1323]: Cloud-init v. 20.3-2-g371b392c-0ubuntu1~18.04.1 running 'modules:final' at Tue, 12 Jan 2021 06:59:04 +0000. Up 38.01 seconds.
[   38.441950] cloud-init[1323]: Cloud-init v. 20.3-2-g371b392c-0ubuntu1~18.04.1 finished at Tue, 12 Jan 2021 06:59:05 +0000. Datasource DataSourceNoCloud [seed=/dev/sdb][dsmode=net].  Up 38.41 seconds
